LTspice 24.0.12 for Windows
Circuit: * C:\Users\Nick\Desktop\Pedal Projects\Headphone amplifier\Headphone amp draft 1.asc
Start Time: Sun Jun 22 22:49:40 2025
solver = Normal
Maximum thread count: 16



WARNING: Node N005 is floating.

WARNING: Less than two connections to node out.  This node is used by r§headphone_load.
Early termination of direct N-R iteration.
Direct Newton iteration failed to find .op point.  (Use ".option noopiter" to skip.)
Starting Gmin stepping
Gmin = 10
vernier = 0.5
vernier = 0.25
vernier = 0.125
Gmin = 5.5165
vernier = 0.0625
vernier = 0.03125
vernier = 0.015625
vernier = 0.0078125
Gmin = 5.49501
vernier = 0.00390625
vernier = 0.00195312
vernier = 0.000976562
vernier = 0.000488281
Gmin = 5.50104
Gmin = 0
Gmin stepping failed

Starting source stepping with srcstepmethod=0
Source Step = 3.0303%
Source Step = 33.3333%
Source Step = 63.6364%
Source Step = 93.9394%
Source stepping succeeded in finding the operating point.

.step pot_pos=1



.step pot_pos=1001



.step pot_pos=2001



.step pot_pos=3001



.step pot_pos=4001



.step pot_pos=5001



.step pot_pos=6001



.step pot_pos=7001



.step pot_pos=8001



.step pot_pos=9001
tnom = 27
temp = 27
method = trap
.step pot_pos=10000
Total elapsed time: 0.889 seconds.

